// Jest Snapshot v1, https://goo.gl/fbAQLP

exports[`component Registration form should  1`] = `
<DocumentFragment>
  <div>
    <h1>
      Registration
    </h1>
    <input
      placeholder="Email"
      type="text"
      value=""
    />
    <input
      placeholder="Password"
      type="password"
      value=""
    />
    <button>
      Registration
    </button>
  </div>
</DocumentFragment>
`;
